---
source: src/trainers/remyr.rs
expression: actions
---
- window_multiplier: 0.58794
  window_increment: 128
  intersend_delay: 1.63ms
- window_multiplier: 0.5587
  window_increment: 119
  intersend_delay: 1.77ms
- window_multiplier: 0.50512
  window_increment: 116
  intersend_delay: 1.77ms
- window_multiplier: 0.62006
  window_increment: 131
  intersend_delay: 1.61ms
- window_multiplier: 0.5945
  window_increment: 126
  intersend_delay: 1.6900000000000002ms
- window_multiplier: 0.59015
  window_increment: 124
  intersend_delay: 1.73ms
- window_multiplier: 0.56754
  window_increment: 125
  intersend_delay: 1.6700000000000002ms
- window_multiplier: 0.64152
  window_increment: 135
  intersend_delay: 1.57ms
- window_multiplier: 0.66962
  window_increment: 141
  intersend_delay: 1.55ms
- window_multiplier: 0.57063
  window_increment: 125
  intersend_delay: 1.6700000000000002ms
- window_multiplier: 0.57373
  window_increment: 122
  intersend_delay: 1.73ms
- window_multiplier: 0.51229
  window_increment: 116
  intersend_delay: 1.77ms
- window_multiplier: 0.5737
  window_increment: 122
  intersend_delay: 1.74ms
- window_multiplier: 0.60926
  window_increment: 128
  intersend_delay: 1.6800000000000002ms
- window_multiplier: 0.51931
  window_increment: 115
  intersend_delay: 1.79ms
- window_multiplier: 0.63901
  window_increment: 135
  intersend_delay: 1.61ms
- window_multiplier: 0.52138
  window_increment: 116
  intersend_delay: 1.77ms
- window_multiplier: 0.50703
  window_increment: 118
  intersend_delay: 1.75ms
- window_multiplier: 0.51065
  window_increment: 119
  intersend_delay: 1.74ms
- window_multiplier: 0.56165
  window_increment: 120
  intersend_delay: 1.75ms
- window_multiplier: 0.5971
  window_increment: 127
  intersend_delay: 1.66ms
- window_multiplier: 0.56355
  window_increment: 124
  intersend_delay: 1.6800000000000002ms
- window_multiplier: 0.51963
  window_increment: 120
  intersend_delay: 1.73ms
- window_multiplier: 0.50822
  window_increment: 114
  intersend_delay: 1.8ms
- window_multiplier: 0.61646
  window_increment: 130
  intersend_delay: 1.64ms
- window_multiplier: 0.56868
  window_increment: 120
  intersend_delay: 1.76ms
- window_multiplier: 0.58217
  window_increment: 124
  intersend_delay: 1.71ms
- window_multiplier: 0.62949
  window_increment: 133
  intersend_delay: 1.59ms
- window_multiplier: 0.65348
  window_increment: 137
  intersend_delay: 1.56ms
- window_multiplier: 0.54875
  window_increment: 122
  intersend_delay: 1.71ms
- window_multiplier: 0.54636
  window_increment: 123
  intersend_delay: 1.7ms
- window_multiplier: 0.67297
  window_increment: 142
  intersend_delay: 1.55ms
- window_multiplier: 0.64005
  window_increment: 134
  intersend_delay: 1.56ms
- window_multiplier: 0.67039
  window_increment: 141
  intersend_delay: 1.56ms
- window_multiplier: 0.53186
  window_increment: 118
  intersend_delay: 1.75ms
- window_multiplier: 0.65055
  window_increment: 137
  intersend_delay: 1.61ms
- window_multiplier: 0.58072
  window_increment: 127
  intersend_delay: 1.64ms
- window_multiplier: 0.65127
  window_increment: 136
  intersend_delay: 1.56ms
- window_multiplier: 0.52401
  window_increment: 118
  intersend_delay: 1.75ms
- window_multiplier: 0.55941
  window_increment: 119
  intersend_delay: 1.77ms
- window_multiplier: 0.5732
  window_increment: 127
  intersend_delay: 1.65ms
- window_multiplier: 0.64333
  window_increment: 135
  intersend_delay: 1.5399999999999998ms
- window_multiplier: 0.60591
  window_increment: 128
  intersend_delay: 1.6900000000000002ms
- window_multiplier: 0.62481
  window_increment: 131
  intersend_delay: 1.6700000000000002ms
- window_multiplier: 0.56705
  window_increment: 123
  intersend_delay: 1.71ms
- window_multiplier: 0.55243
  window_increment: 118
  intersend_delay: 1.77ms
- window_multiplier: 0.60585
  window_increment: 128
  intersend_delay: 1.6700000000000002ms
- window_multiplier: 0.67609
  window_increment: 142
  intersend_delay: 1.55ms
- window_multiplier: 0.52569
  window_increment: 118
  intersend_delay: 1.75ms
- window_multiplier: 0.50044
  window_increment: 119
  intersend_delay: 1.75ms
- window_multiplier: 0.55026
  window_increment: 119
  intersend_delay: 1.75ms
- window_multiplier: 0.64534
  window_increment: 136
  intersend_delay: 1.59ms
- window_multiplier: 0.62537
  window_increment: 131
  intersend_delay: 1.6700000000000002ms
- window_multiplier: 0.63089
  window_increment: 133
  intersend_delay: 1.65ms
- window_multiplier: 0.5487
  window_increment: 116
  intersend_delay: 1.8ms
- window_multiplier: 0.58751
  window_increment: 127
  intersend_delay: 1.65ms
- window_multiplier: 0.65734
  window_increment: 138
  intersend_delay: 1.56ms
- window_multiplier: 0.64734
  window_increment: 136
  intersend_delay: 1.63ms
- window_multiplier: 0.6185
  window_increment: 131
  intersend_delay: 1.64ms
- window_multiplier: 0.64711
  window_increment: 136
  intersend_delay: 1.57ms
- window_multiplier: 0.565
  window_increment: 122
  intersend_delay: 1.71ms
- window_multiplier: 0.60144
  window_increment: 127
  intersend_delay: 1.6800000000000002ms
- window_multiplier: 0.63366
  window_increment: 133
  intersend_delay: 1.56ms
- window_multiplier: 0.65425
  window_increment: 137
  intersend_delay: 1.6ms
- window_multiplier: 0.61364
  window_increment: 130
  intersend_delay: 1.65ms
- window_multiplier: 0.59106
  window_increment: 128
  intersend_delay: 1.6199999999999999ms
- window_multiplier: 0.54826
  window_increment: 117
  intersend_delay: 1.7799999999999998ms
- window_multiplier: 0.53204
  window_increment: 119
  intersend_delay: 1.74ms
- window_multiplier: 0.54892
  window_increment: 119
  intersend_delay: 1.74ms
- window_multiplier: 0.64674
  window_increment: 136
  intersend_delay: 1.56ms
- window_multiplier: 0.53343
  window_increment: 122
  intersend_delay: 1.71ms
- window_multiplier: 0.63205
  window_increment: 133
  intersend_delay: 1.6199999999999999ms
- window_multiplier: 0.50046
  window_increment: 117
  intersend_delay: 1.77ms
- window_multiplier: 0.57106
  window_increment: 121
  intersend_delay: 1.75ms
- window_multiplier: 0.5462
  window_increment: 121
  intersend_delay: 1.72ms
- window_multiplier: 0.52657
  window_increment: 121
  intersend_delay: 1.72ms
- window_multiplier: 0.62311
  window_increment: 131
  intersend_delay: 1.66ms
- window_multiplier: 0.62817
  window_increment: 132
  intersend_delay: 1.63ms
- window_multiplier: 0.55955
  window_increment: 125
  intersend_delay: 1.6700000000000002ms
- window_multiplier: 0.63434
  window_increment: 133
  intersend_delay: 1.6ms
- window_multiplier: 0.62805
  window_increment: 132
  intersend_delay: 1.61ms
- window_multiplier: 0.63827
  window_increment: 134
  intersend_delay: 1.57ms
- window_multiplier: 0.53388
  window_increment: 121
  intersend_delay: 1.72ms
- window_multiplier: 0.66584
  window_increment: 140
  intersend_delay: 1.5399999999999998ms
- window_multiplier: 0.61152
  window_increment: 129
  intersend_delay: 1.65ms
- window_multiplier: 0.60891
  window_increment: 129
  intersend_delay: 1.65ms
- window_multiplier: 0.54927
  window_increment: 124
  intersend_delay: 1.6800000000000002ms
- window_multiplier: 0.67212
  window_increment: 141
  intersend_delay: 1.57ms
- window_multiplier: 0.51653
  window_increment: 114
  intersend_delay: 1.8ms
- window_multiplier: 0.58842
  window_increment: 125
  intersend_delay: 1.71ms
- window_multiplier: 0.60716
  window_increment: 128
  intersend_delay: 1.7ms
- window_multiplier: 0.54002
  window_increment: 124
  intersend_delay: 1.6900000000000002ms
- window_multiplier: 0.55018
  window_increment: 120
  intersend_delay: 1.73ms
- window_multiplier: 0.54016
  window_increment: 116
  intersend_delay: 1.79ms
- window_multiplier: 0.54582
  window_increment: 120
  intersend_delay: 1.73ms
- window_multiplier: 0.61255
  window_increment: 131
  intersend_delay: 1.59ms
- window_multiplier: 0.6123
  window_increment: 131
  intersend_delay: 1.59ms
- window_multiplier: 0.61496
  window_increment: 131
  intersend_delay: 1.6ms
- window_multiplier: 0.52377
  window_increment: 116
  intersend_delay: 1.7799999999999998ms
- window_multiplier: 0.63292
  window_increment: 133
  intersend_delay: 1.65ms
